// Jest Snapshot v1, https://goo.gl/fbAQLP

exports[`<RecipeCard /> that outputs recipe information snapshot 1`] = `
<li
  className="item"
  id="1"
>
  <div
    className="header"
  >
    <h2
      className="name"
    >
      test title
       
      <span
        className="serve"
      >
        (time to serve: 
        45 minutes
        )
      </span>
    </h2>
    <button
      className="btn"
      onClick={true}
    >
      <svg
        className="icon"
        color="fff"
        fill="currentColor"
        height="1em"
        stroke="currentColor"
        strokeWidth="0"
        style={
          Object {
            "color": "fff",
          }
        }
        viewBox="0 0 448 512"
        width="1em"
        xmlns="http://www.w3.org/2000/svg"
      >
        <path
          d="M432 32H312l-9.4-18.7A24 24 0 0 0 281.1 0H166.8a23.72 23.72 0 0 0-21.4 13.3L136 32H16A16 16 0 0 0 0 48v32a16 16 0 0 0 16 16h416a16 16 0 0 0 16-16V48a16 16 0 0 0-16-16zM53.2 467a48 48 0 0 0 47.9 45h245.8a48 48 0 0 0 47.9-45L416 128H32z"
        />
      </svg>
    </button>
  </div>
  <span
    className="dividerTitle"
  />
  <img
    alt="test title"
    className="image"
    src="img.test"
  />
  <span
    className="divider"
  />
  <div
    className="subHeader"
  >
    <h3
      className="ingredientHeader"
    >
      ingredients
    </h3>
    <button
      className="btn"
      onClick={[Function]}
    >
      <svg
        className="icon"
        color="fff"
        fill="currentColor"
        height="1em"
        stroke="currentColor"
        strokeWidth="0"
        style={
          Object {
            "color": "fff",
          }
        }
        viewBox="0 0 448 512"
        width="1em"
        xmlns="http://www.w3.org/2000/svg"
      >
        <path
          d="M413.1 222.5l22.2 22.2c9.4 9.4 9.4 24.6 0 33.9L241 473c-9.4 9.4-24.6 9.4-33.9 0L12.7 278.6c-9.4-9.4-9.4-24.6 0-33.9l22.2-22.2c9.5-9.5 25-9.3 34.3.4L184 343.4V56c0-13.3 10.7-24 24-24h32c13.3 0 24 10.7 24 24v287.4l114.8-120.5c9.3-9.8 24.8-10 34.3-.4z"
        />
      </svg>
    </button>
  </div>
  <ul
    className="ingredientList 
                      false"
  >
    <li
      className="ingredients"
    >
      test 1
      , 
    </li>
    <li
      className="ingredients"
    >
      test2
      , 
    </li>
  </ul>
  <span
    className="divider"
  />
  <div
    className="subHeader"
  >
    <h3
      className="instructionHeader"
    >
      instructions
    </h3>
    <button
      className="btn"
      onClick={[Function]}
    >
      <svg
        className="icon"
        color="fff"
        fill="currentColor"
        height="1em"
        stroke="currentColor"
        strokeWidth="0"
        style={
          Object {
            "color": "fff",
          }
        }
        viewBox="0 0 448 512"
        width="1em"
        xmlns="http://www.w3.org/2000/svg"
      >
        <path
          d="M413.1 222.5l22.2 22.2c9.4 9.4 9.4 24.6 0 33.9L241 473c-9.4 9.4-24.6 9.4-33.9 0L12.7 278.6c-9.4-9.4-9.4-24.6 0-33.9l22.2-22.2c9.5-9.5 25-9.3 34.3.4L184 343.4V56c0-13.3 10.7-24 24-24h32c13.3 0 24 10.7 24 24v287.4l114.8-120.5c9.3-9.8 24.8-10 34.3-.4z"
        />
      </svg>
    </button>
  </div>
  <ul
    className="instructionList 
                      false"
  >
    <li
      className="instruction"
    >
      test1
    </li>
    <li
      className="instruction"
    >
      test2
    </li>
  </ul>
</li>
`;
